// Jest Snapshot v1, https://goo.gl/fbAQLP

exports[`renders correctly 1`] = `
<View
  style={
    Object {
      "alignItems": "center",
      "backgroundColor": "#cfa8b4",
      "justifyContent": "center",
    }
  }
>
  <RCTScrollView>
    <View />
  </RCTScrollView>
</View>
`;
